  Economy.cpp
  Farm.cpp
  GameStateManager.cpp
  Inventory.cpp
  Main.cpp
  Profile.cpp
C:\Github\FRUITFOO_CSD1451_GAM150\Source\Main.cpp(47,6): error C2065: 'previous': undeclared identifier
C:\Github\FRUITFOO_CSD1451_GAM150\Source\Main.cpp(82,3): error C2065: 'next': undeclared identifier
C:\Github\FRUITFOO_CSD1451_GAM150\Source\Main.cpp(87,3): error C2065: 'next': undeclared identifier
C:\Github\FRUITFOO_CSD1451_GAM150\Source\Main.cpp(91,39): error C2065: 'current': undeclared identifier
C:\Github\FRUITFOO_CSD1451_GAM150\Source\Main.cpp(94,3): error C2065: 'next': undeclared identifier
C:\Github\FRUITFOO_CSD1451_GAM150\Source\Main.cpp(203,4): error C2065: 'next': undeclared identifier
C:\Github\FRUITFOO_CSD1451_GAM150\Source\Main.cpp(207,7): error C2065: 'current': undeclared identifier
C:\Github\FRUITFOO_CSD1451_GAM150\Source\Main.cpp(211,4): error C2065: 'next': undeclared identifier
C:\Github\FRUITFOO_CSD1451_GAM150\Source\Main.cpp(215,7): error C2065: 'next': undeclared identifier
C:\Github\FRUITFOO_CSD1451_GAM150\Source\Main.cpp(215,15): error C2065: 'current': undeclared identifier
C:\Github\FRUITFOO_CSD1451_GAM150\Source\Main.cpp(217,13): error C2065: 'current': undeclared identifier
C:\Github\FRUITFOO_CSD1451_GAM150\Source\Main.cpp(217,22): error C2065: 'next': undeclared identifier
C:\Github\FRUITFOO_CSD1451_GAM150\Source\Main.cpp(223,8): error C2065: 'current': undeclared identifier
C:\Github\FRUITFOO_CSD1451_GAM150\Source\Main.cpp(225,4): error C2065: 'previous': undeclared identifier
C:\Github\FRUITFOO_CSD1451_GAM150\Source\Main.cpp(225,15): error C2065: 'current': undeclared identifier
C:\Github\FRUITFOO_CSD1451_GAM150\Source\Main.cpp(226,4): error C2065: 'current': undeclared identifier
C:\Github\FRUITFOO_CSD1451_GAM150\Source\Main.cpp(226,14): error C2065: 'next': undeclared identifier
C:\Github\FRUITFOO_CSD1451_GAM150\Source\Main.cpp(229,8): error C2065: 'current': undeclared identifier
C:\Github\FRUITFOO_CSD1451_GAM150\Source\Main.cpp(236,7): error C2065: 'current': undeclared identifier
  Rhythm.cpp
  ShopUpgrade.cpp
  SpawnFruits.cpp
C:\Github\FRUITFOO_CSD1451_GAM150\Source\SpawnFruits.cpp(21,24): warning C4305: 'initializing': truncation from 'double' to 'float'
  StartScreen.cpp
C:\Github\FRUITFOO_CSD1451_GAM150\Source\StartScreen.cpp(108,13): warning C4505: 'CheckSaveExists': unreferenced function with internal linkage has been removed
  Transition.cpp
  UI.cpp
  Utilities.cpp
  Generating Code...
